/adfs/services/trust/2005/windows
/adfs/services/trust/2005/windowsmixed
/adfs/services/trust/2005/windowstransport
/adfs/services/trust/2005/certificate
/adfs/services/trust/2005/certificatemixed
/adfs/services/trust/2005/certificatetransport
/adfs/services/trust/2005/username
/adfs/services/trust/2005/usernamebasictransport
/adfs/services/trust/2005/usernamemixed
/adfs/services/trust/2005/kerberosmixed
/adfs/services/trust/2005/issuedtokenasymmetricbasic256
/adfs/services/trust/2005/issuedtokenasymmetricbasic256sha256
/adfs/services/trust/2005/issuedtokenmixedasymmetricbasic256
/adfs/services/trust/2005/issuedtokenmixedasymmetricbasic256sha256
/adfs/services/trust/2005/issuedtokenmixedsymmetricbasic256
/adfs/services/trust/2005/issuedtokenmixedsymmetricbasic256sha256
/adfs/services/trust/2005/issuedtokensymmetricbasic256
/adfs/services/trust/2005/issuedtokensymmetricbasic256sha256
/adfs/services/trust/2005/issuedtokensymmetrictripledes
/adfs/services/trust/2005/issuedtokensymmetrictripledessha256
/adfs/services/trust/2005/issuedtokenmixedsymmetrictripledes
/adfs/services/trust/2005/issuedtokenmixedsymmetrictripledessha256
/adfs/services/trust/13/kerberosmixed
/adfs/services/trust/13/certificate
/adfs/services/trust/13/certificatemixed
/adfs/services/trust/13/certificatetransport
/adfs/services/trust/13/username
/adfs/services/trust/13/usernamebasictransport
/adfs/services/trust/13/usernamemixed
/adfs/services/trust/13/issuedtokenasymmetricbasic256
/adfs/services/trust/13/issuedtokenasymmetricbasic256sha256
/adfs/services/trust/13/issuedtokenmixedasymmetricbasic256
/adfs/services/trust/13/issuedtokenmixedasymmetricbasic256sha256
/adfs/services/trust/13/issuedtokenmixedsymmetricbasic256
/adfs/services/trust/13/issuedtokenmixedsymmetricbasic256sha256
/adfs/services/trust/13/issuedtokensymmetricbasic256
/adfs/services/trust/13/issuedtokensymmetricbasic256sha256
/adfs/services/trust/13/issuedtokensymmetrictripledes
/adfs/services/trust/13/issuedtokensymmetrictripledessha256
/adfs/services/trust/13/issuedtokenmixedsymmetrictripledes
/adfs/services/trust/13/issuedtokenmixedsymmetrictripledessha256
/adfs/services/trust/13/windows
/adfs/services/trust/13/windowsmixed
/adfs/services/trust/13/windowstransport
/adfs/services/trusttcp/windows
/adfs/fs/federationserverservice.asmx
localhost
/metadata/
/adfs/services/trust/mex
/adfs/ls/
/adfs/oauth2/
/adfs/portal/updatepassword/
/adfs/proxy/
/adfs/proxy/EstablishTrust/
/adfs/services/trust/artifactresolution
